// Jest Snapshot v1, https://goo.gl/fbAQLP

exports[`Post Renders a post and doesn't blow up 1`] = `
<DocumentFragment>
  <div
    aria-label="Public post by author with 0 comments and 0 likes written on March 14th, 2021"
    class="post single-post"
    data-author="author"
    role="article"
  >
    <div
      class="expandable expanded"
    >
      <div
        class="post-userpic"
      >
        <a
          class="picture post-userpic-img"
          style="--userpic-size: 75px;"
        >
          <img
            alt="Profile picture of author"
            height="75"
            loading="lazy"
            width="75"
          />
        </a>
      </div>
      <div
        aria-label="Post body"
        class="post-body"
        role="region"
      >
        <div
          class="post-header"
        >
          <span
            class="user-name-wrapper"
          >
            <a
              class="post-author"
            >
              <span
                dir="ltr"
              >
                You
              </span>
            </a>
          </span>
        </div>
        <div
          class="post-text"
        >
          <span
            class="Linkify"
            dir="auto"
            role="region"
          >
            <span>
              Line 1
            </span>
            <br />
            <span>
              Line 2
            </span>
          </span>
        </div>
      </div>
    </div>
    <div
      class="post-body"
    >
      <div
        aria-label="Post footer"
        role="region"
      >
        <div
          class="post-footer"
        >
          <div
            class="post-footer-icon"
          >
            <svg
              class="post-lock-icon post-public-icon fa-icon fa-icon-fas-globe-americas"
              role="button"
              xmlns="http://www.w3.org/2000/svg"
            >
              <title>
                This entry is public
              </title>
              <use
                xlink:href="#fa-icon-fas-globe-americas"
              />
            </svg>
          </div>
          <div
            class="post-footer-content"
          >
            <span
              class="post-footer-block"
            >
              <span
                class="post-footer-item"
              >
                <a
                  class="post-timestamp"
                >
                  <time
                    datetime="2021-03-14T03:23:59.035Z"
                    title="Mar 14, 2021 03:23"
                  >
                    Mar 14, 2021
                  </time>
                </a>
              </span>
            </span>
            <span
              class="post-footer-block"
              role="region"
            >
              <span
                class="post-footer-item"
              >
                <a
                  aria-disabled="false"
                  class="post-action"
                  role="button"
                  tabindex="0"
                >
                  Comment
                </a>
              </span>
              <span
                class="post-footer-item"
              >
                <a
                  aria-disabled="false"
                  class="post-action"
                  role="button"
                  tabindex="0"
                >
                  Like
                </a>
              </span>
              <span
                class="post-footer-item"
              >
                <a
                  aria-disabled="false"
                  aria-expanded="false"
                  aria-haspopup="true"
                  class="post-action"
                  role="button"
                  tabindex="0"
                >
                  <span
                    class="root"
                  >
                    More
                  </span>
                </a>
              </span>
            </span>
          </div>
        </div>
      </div>
      <div />
      <div />
    </div>
  </div>
</DocumentFragment>
`;

exports[`Post Renders a textarea with post text when editing the post 1`] = `
<div
  aria-label="Post body"
  class="post-body"
  role="region"
>
  <div>
    <div
      class="container"
    >
      <div
        aria-label="Choose post destination"
        class="box palette"
      >
        <span
          class="box-item"
        >
          To:
        </span>
        <span
          class="box-item dest-item"
          title="@author"
        >
          <svg
            aria-hidden="true"
            class="dest-icon fa-icon fa-icon-fas-home"
            focusable="false"
            role="img"
            viewBox="0 0 576 512"
            xmlns="http://www.w3.org/2000/svg"
          >
            <path
              d="M280.37 148.26L96 300.11V464a16 16 0 0 0 16 16l112.06-.29a16 16 0 0 0 15.92-16V368a16 16 0 0 1 16-16h64a16 16 0 0 1 16 16v95.64a16 16 0 0 0 16 16.05L464 480a16 16 0 0 0 16-16V300L295.67 148.26a12.19 12.19 0 0 0-15.3 0zM571.6 251.47L488 182.56V44.05a12 12 0 0 0-12-12h-56a12 12 0 0 0-12 12v72.61L318.47 43a48 48 0 0 0-61 0L4.34 251.47a12 12 0 0 0-1.6 16.9l25.5 31A12 12 0 0 0 45.15 301l235.22-193.74a12.19 12.19 0 0 1 15.3 0L530.9 301a12 12 0 0 0 16.9-1.6l25.5-31a12 12 0 0 0-1.7-16.93z"
              fill="currentColor"
            />
          </svg>
          My feed
        </span>
        <a
          aria-disabled="false"
          class="box-item"
          role="button"
          tabindex="0"
        >
          Add/Edit
        </a>
      </div>
    </div>
    <div
      class="post-privacy-warning"
    />
  </div>
  <div
    class="post-editor"
  >
    <div>
      <textarea
        class="post-textarea"
        dir="auto"
        maxlength="1000"
      >
        Line 1
Line 2
      </textarea>
    </div>
    <div
      class="post-edit-actions"
    >
      <div
        class="post-edit-buttons"
      >
        <button
          class="btn btn-default btn-xs"
        >
          Update
        </button>
        <a
          aria-disabled="false"
          class="post-cancel"
          role="button"
          tabindex="0"
        >
          Cancel
        </a>
      </div>
      <div
        class="post-edit-options"
      >
        <a
          aria-disabled="false"
          class="post-edit-attachments"
          role="button"
          tabindex="0"
        >
          <svg
            class="upload-icon fa-icon fa-icon-fas-paperclip"
            xmlns="http://www.w3.org/2000/svg"
          >
            <use
              xlink:href="#fa-icon-fas-paperclip"
            />
          </svg>
           Add photos or files
        </a>
      </div>
      <span
        class="post-edit-hint submit-mode-hint submit-mode-hint--visible"
      >
        (Enter 
        to submit
        )
      </span>
    </div>
    <div
      class="container"
    />
    <div />
  </div>
</div>
`;
